stdout of test 'pyapi_types_numeric` in directory 'sql/backends/monet5/UDF/pyapi` itself:


# 19:41:49 >  
# 19:41:49 >  "mserver5" "--debug=10" "--set" "gdk_nr_threads=0" "--set" "mapi_open=true" "--set" "mapi_port=31934" "--set" "mapi_usock=/var/tmp/mtest-7261/.s.monetdb.31934" "--set" "monet_prompt=" "--forcemito" "--set" "mal_listing=2" "--dbpath=/usr/local/var/MonetDB/mTests_monetdb5_extras_pyapi" "--set" "mal_listing=2" "--set" "embedded_r=true" "--set" "embedded_py=true"
# 19:41:49 >  

# MonetDB 5 server v11.20.0
# This is an unreleased version
# Serving database 'mTests_monetdb5_extras_pyapi', using 8 threads
# Compiled for x86_64-unknown-linux-gnu/64bit with 64bit OIDs and 128bit integers dynamically linked
# Found 7.684 GiB available main-memory.
# Copyright (c) 1993-July 2008 CWI.
# Copyright (c) August 2008-2015 MonetDB B.V., all rights reserved
# Visit http://www.monetdb.org/ for further information
# Listening for connection requests on mapi:monetdb://mytherin-N750JV:31934/
# Listening for UNIX domain connection requests on mapi:monetdb:///var/tmp/mtest-7261/.s.monetdb.31934
# MonetDB/SQL module loaded
# MonetDB/Python module loaded
# MonetDB/R   module loaded

Ready.


#io.print(result);
#--------------------------#
# h	t  # name
# void	int  # type
#--------------------------#
[ 0@0,	20	]
[ 1@0,	40	]
[ 2@0,	60	]
[ 3@0,	80	]
#io.print(rbit);
#--------------------------#
# h	t  # name
# void	int  # type
#--------------------------#
[ 0@0,	1	]
[ 1@0,	0	]
[ 2@0,	1	]
[ 3@0,	0	]
[ 4@0,	nil	]
#io.print(rbte);
#--------------------------#
# h	t  # name
# void	int  # type
#--------------------------#
[ 0@0,	42	]
[ 1@0,	84	]
[ 2@0,	111	]
[ 3@0,	0	]
[ 4@0,	nil	]
#io.print(rsht);
#--------------------------#
# h	t  # name
# void	int  # type
#--------------------------#
[ 0@0,	42	]
[ 1@0,	82	]
[ 2@0,	0	]
[ 3@0,	240	]
[ 4@0,	nil	]
#io.print(rint);
#--------------------------#
# h	t  # name
# void	int  # type
#--------------------------#
[ 0@0,	1804289383	]
[ 1@0,	846930886	]
[ 2@0,	1681692777	]
[ 3@0,	1714636915	]
[ 4@0,	nil	]
#--------------------------#
# h	t  # name
# void	int  # type
#--------------------------#
[ 0@0,	1804289383	]
[ 1@0,	846930886	]
[ 2@0,	1681692777	]
[ 3@0,	1714636915	]
[ 4@0,	nil	]
#--------------------------#
# h	t  # name
# void	flt  # type
#--------------------------#
[ 0@0,	18042.895	]
[ 1@0,	846.9309	]
[ 2@0,	16.816927	]
[ 3@0,	1714636.9	]
[ 4@0,	nil	]
#io.print(rdbl);
#--------------------------#
# h	t  # name
# void	dbl  # type
#--------------------------#
[ 0@0,	180428.9383	]
[ 1@0,	84.6930886	]
[ 2@0,	168169.2777	]
[ 3@0,	17146369.15	]
[ 4@0,	nil	]
#io.print(rint);
#--------------------------#
# h	t  # name
# void	int  # type
#--------------------------#
[ 0@0,	1804289383	]
[ 1@0,	846930886	]
[ 2@0,	67	]
[ 3@0,	124124124	]

# 19:41:50 >  
# 19:41:50 >  "Done."
# 19:41:50 >  

