stdout of test 'explain.SF-1739353` in directory 'sql/test/BugTracker` itself:


# 15:11:17 >  
# 15:11:17 >  "mserver5" "--debug=10" "--set" "gdk_nr_threads=0" "--set" "mapi_open=true" "--set" "mapi_port=33800" "--set" "mapi_usock=/var/tmp/mtest-7180/.s.monetdb.33800" "--set" "monet_prompt=" "--forcemito" "--dbpath=/ufs/sjoerd/@Monet-virgin/var/MonetDB/mTests_sql_test_BugTracker"
# 15:11:17 >  

# MonetDB 5 server v11.29.0
# This is an unreleased version
# Serving database 'mTests_sql_test_BugTracker', using 8 threads
# Compiled for x86_64-unknown-linux-gnu/64bit with 128bit integers
# Found 62.701 GiB available main-memory.
# Copyright (c) 1993-July 2008 CWI.
# Copyright (c) August 2008-2017 MonetDB B.V., all rights reserved
# Visit https://www.monetdb.org/ for further information
# Listening for connection requests on mapi:monetdb://methuselah.da.cwi.nl:33800/
# Listening for UNIX domain connection requests on mapi:monetdb:///var/tmp/mtest-7180/.s.monetdb.33800
# MonetDB/GIS module loaded
# MonetDB/SQL module loaded

Ready.

# 15:11:18 >  
# 15:11:18 >  "./explain.SF-1739353.SQL.sh" "explain.SF-1739353"
# 15:11:18 >  


# 15:11:18 >  
# 15:11:18 >  Mtimeout -timeout 60  java nl.cwi.monetdb.client.JdbcClient -h methuselah -p 33800 -d mTests_sql_test_BugTracker -f "../../../../../../../../scratch1/sjoerd/src/MonetDB/virgin/sql/test/BugTracker/Tests/explain.SF-1739353-data.sql"
# 15:11:18 >  

Operation successful
+------------------------------------------------------------------------------------------------------------------------+
| mal                                                                                                                    |
+========================================================================================================================+
| function user.s4_1():void;                                                                                             |
|     X_1:void := querylog.define("explain select \"name\" from \"tables\"\n;":str, "sequential_pipe":str, 36:int);      |
|     X_35:bat[:str] := bat.new(nil:str);                                                                                |
|     X_4:int := sql.mvc();                                                                                              |
|     X_18:bat[:sht] := sql.bind(X_4:int, "sys":str, "_tables":str, "type":str, 0:int);                                  |
|     C_5:bat[:oid] := sql.tid(X_4:int, "sys":str, "_tables":str);                                                       |
|     C_92:bat[:oid] := algebra.thetaselect(X_18:bat[:sht], C_5:bat[:oid], 2:sht, "!=":str);                             |
|     (X_21:bat[:oid], X_22:bat[:sht]) := sql.bind(X_4:int, "sys":str, "_tables":str, "type":str, 2:int);                |
|     C_93:bat[:oid] := algebra.thetaselect(X_22:bat[:sht], nil:bat[:oid], 2:sht, "!=":str);                             |
|     X_20:bat[:sht] := sql.bind(X_4:int, "sys":str, "_tables":str, "type":str, 1:int);                                  |
|     C_95:bat[:oid] := algebra.thetaselect(X_20:bat[:sht], C_5:bat[:oid], 2:sht, "!=":str);                             |
|     C_27:bat[:oid] := sql.subdelta(C_92:bat[:oid], C_5:bat[:oid], X_21:bat[:oid], C_93:bat[:oid], C_95:bat[:oid]);     |
|     X_8:bat[:str] := sql.bind(X_4:int, "sys":str, "_tables":str, "name":str, 0:int);                                   |
|     (X_13:bat[:oid], X_14:bat[:str]) := sql.bind(X_4:int, "sys":str, "_tables":str, "name":str, 2:int);                |
|     X_11:bat[:str] := sql.bind(X_4:int, "sys":str, "_tables":str, "name":str, 1:int);                                  |
|     X_29:bat[:str] := sql.projectdelta(C_27:bat[:oid], X_8:bat[:str], X_13:bat[:oid], X_14:bat[:str], X_11:bat[:str]); |
|     C_31:bat[:oid] := sql.tid(X_4:int, "tmp":str, "_tables":str);                                                      |
|     X_33:bat[:str] := sql.bind(X_4:int, "tmp":str, "_tables":str, "name":str, 0:int);                                  |
|     X_34:bat[:str] := algebra.projection(C_31:bat[:oid], X_33:bat[:str]);                                              |
|     X_37:bat[:str] := bat.append(X_35:bat[:str], X_29:bat[:str], true:bit);                                            |
|     X_39:bat[:str] := bat.append(X_37:bat[:str], X_34:bat[:str], true:bit);                                            |
|     X_41:bat[:str] := bat.new(nil:str);                                                                                |
|     X_46:bat[:int] := bat.new(nil:int);                                                                                |
|     X_44:bat[:int] := bat.new(nil:int);                                                                                |
|     X_43:bat[:str] := bat.new(nil:str);                                                                                |
|     X_42:bat[:str] := bat.new(nil:str);                                                                                |
|     X_47:bat[:str] := bat.append(X_41:bat[:str], ".tables":str);                                                       |
|     X_49:bat[:str] := bat.append(X_42:bat[:str], "name":str);                                                          |
|     X_51:bat[:str] := bat.append(X_43:bat[:str], "varchar":str);                                                       |
|     X_53:bat[:int] := bat.append(X_44:bat[:int], 1024:int);                                                            |
|     X_55:bat[:int] := bat.append(X_46:bat[:int], 0:int);                                                               |
|     sql.resultSet(X_47:bat[:str], X_49:bat[:str], X_51:bat[:str], X_53:bat[:int], X_55:bat[:int], X_39:bat[:str]);     |
| end user.s4_1;                                                                                                         |
| #inline               actions= 0 time=1 usec                                                                           |
| #remap                actions= 0 time=3 usec                                                                           |
| #costmodel            actions= 1 time=7 usec                                                                           |
| #coercion             actions= 1 time=7 usec                                                                           |
| #evaluate             actions= 0 time=5 usec                                                                           |
| #emptybind            actions= 0 time=0 usec                                                                           |
| #pushselect           actions= 5 time=27 usec                                                                          |
| #aliases              actions= 2 time=8 usec                                                                           |
| #mergetable           actions= 0 time=45 usec                                                                          |
| #deadcode             actions= 3 time=13 usec                                                                          |
| #aliases              actions= 0 time=0 usec                                                                           |
| #constants            actions= 2 time=6 usec                                                                           |
| #commonTerms          actions= 0 time=6 usec                                                                           |
| #projectionpath       actions= 0 time=3 usec                                                                           |
| #reorder              actions= 1 time=29 usec                                                                          |
| #deadcode             actions= 0 time=8 usec                                                                           |
| #matpack              actions= 0 time=1 usec                                                                           |
| #multiplex            actions= 0 time=1 usec                                                                           |
| #profiler             actions=1 time=1 usec                                                                            |
| #candidates           actions=1 time=1 usec                                                                            |
| #deadcode             actions= 0 time=7 usec                                                                           |
| #wlc                  actions= 0 time=0 usec                                                                           |
| #garbagecollector     actions= 1 time=45 usec                                                                          |
| #total                actions=26 time=318 usec                                                                         |
+------------------------------------------------------------------------------------------------------------------------+
57 rows

# 15:11:18 >  
# 15:11:18 >  "Done."
# 15:11:18 >  

