stdout of test 'Test_Dobjects` in directory 'sql/jdbc/tests` itself:


# 15:28:55 >  
# 15:28:55 >  "mserver5" "--debug=10" "--set" "gdk_nr_threads=0" "--set" "mapi_open=true" "--set" "mapi_port=37247" "--set" "mapi_usock=/var/tmp/mtest-21432/.s.monetdb.37247" "--set" "monet_prompt=" "--forcemito" "--set" "mal_listing=2" "--dbpath=/home/robin/MonetDB/PREFIX/var/MonetDB/mTests_sql_jdbc_tests" "--set" "mal_listing=0"
# 15:28:55 >  

# MonetDB 5 server v11.18.0
# This is an unreleased version
# Serving database 'mTests_sql_jdbc_tests', using 4 threads
# Compiled for x86_64-unknown-linux-gnu/64bit with 64bit OIDs dynamically linked
# Found 7.333 GiB available main-memory.
# Copyright (c) 1993-July 2008 CWI.
# Copyright (c) August 2008-2015 MonetDB B.V., all rights reserved
# Visit http://www.monetdb.org/ for further information
# Listening for connection requests on mapi:monetdb://robin-xps13:37247/
# Listening for UNIX domain connection requests on mapi:monetdb:///var/tmp/mtest-21432/.s.monetdb.37247
# MonetDB/SQL module loaded

Ready.

# 15:28:56 >  
# 15:28:56 >  "./Test_Dobjects.SQL.sh" "Test_Dobjects"
# 15:28:56 >  


# 15:28:56 >  
# 15:28:56 >  java Test_Dobjects "jdbc:monetdb://robin-xps13:37247/mTests_sql_jdbc_tests?user=monetdb&password=monetdb"
# 15:28:56 >  

Resultset with 1 columns
TABLE_CAT	
Resultset with 2 columns
TABLE_SCHEM	TABLE_CATALOG	
sys	null	
Resultset with 10 columns
TABLE_CAT	TABLE_SCHEM	TABLE_NAME	TABLE_TYPE	REMARKS	TYPE_CAT	TYPE_SCHEM	TYPE_NAME	SELF_REFERENCING_COL_NAME	REF_GENERATION	
null    tmp     _columns        SYSTEM TABLE    null    null    null    null    null    null    
null    tmp     _tables SYSTEM TABLE    null    null    null    null    null    null    
null    tmp     idxs    SYSTEM TABLE    null    null    null    null    null    null    
null    tmp     keys    SYSTEM TABLE    null    null    null    null    null    null    
null    tmp     objects SYSTEM TABLE    null    null    null    null    null    null    
null    tmp     triggers        SYSTEM TABLE    null    null    null    null    null    null    
Resultset with 7 columns
TYPE_CAT	TYPE_SCHEM	TYPE_NAME	CLASS_NAME	DATA_TYPE	REMARKS	BASE_TYPE	
null	sys	inet	nl.cwi.monetdb.jdbc.types.INET	2000	inet	null	
null	sys	json	java.lang.String	2000	json	null	
null	sys	url	nl.cwi.monetdb.jdbc.types.URL	2000	url	null	
null	sys	uuid	java.lang.String	2000	uuid	null	
Resultset with 7 columns
TYPE_CAT	TYPE_SCHEM	TYPE_NAME	CLASS_NAME	DATA_TYPE	REMARKS	BASE_TYPE	

# 17:19:03 >  
# 17:19:03 >  "Done."
# 17:19:03 >  

