stdout of test 'Test_Smoreresults` in directory 'sql/jdbc/tests` itself:


# 17:58:24 >  
# 17:58:24 >  "mserver5" "--debug=10" "--set" "gdk_nr_threads=0" "--set" "mapi_open=true" "--set" "mapi_port=34749" "--set" "mapi_usock=/var/tmp/mtest-28659/.s.monetdb.34749" "--set" "monet_prompt=" "--forcemito" "--dbpath=/export/scratch2/dinther/INSTALL/var/MonetDB/mTests_sql_jdbc_tests" "--set" "embedded_r=yes" "--set" "embedded_py=true"
# 17:58:24 >  

# MonetDB 5 server v11.26.0
# This is an unreleased version
# Serving database 'mTests_sql_jdbc_tests', using 8 threads
# Compiled for x86_64-unknown-linux-gnu/64bit with 128bit integers
# Found 15.589 GiB available main-memory.
# Copyright (c) 1993-July 2008 CWI.
# Copyright (c) August 2008-2016 MonetDB B.V., all rights reserved
# Visit http://www.monetdb.org/ for further information
# Listening for connection requests on mapi:monetdb://toulouse.da.cwi.nl:34749/
# Listening for UNIX domain connection requests on mapi:monetdb:///var/tmp/mtest-28659/.s.monetdb.34749
# MonetDB/GIS module loaded
# MonetDB/SQL module loaded
# MonetDB/Python module loaded
# MonetDB/R   module loaded

Ready.
# SQL catalog created, loading sql scripts once
# loading sql script: 09_like.sql
# loading sql script: 10_math.sql
# loading sql script: 11_times.sql
# loading sql script: 12_url.sql
# loading sql script: 13_date.sql
# loading sql script: 14_inet.sql
# loading sql script: 15_querylog.sql
# loading sql script: 16_tracelog.sql
# loading sql script: 17_temporal.sql
# loading sql script: 18_index.sql
# loading sql script: 20_vacuum.sql
# loading sql script: 21_dependency_functions.sql
# loading sql script: 22_clients.sql
# loading sql script: 23_skyserver.sql
# loading sql script: 25_debug.sql
# loading sql script: 26_sysmon.sql
# loading sql script: 27_rejects.sql
# loading sql script: 39_analytics.sql
# loading sql script: 39_analytics_hge.sql
# loading sql script: 40_geom.sql
# loading sql script: 40_json.sql
# loading sql script: 40_json_hge.sql
# loading sql script: 41_md5sum.sql
# loading sql script: 45_uuid.sql
# loading sql script: 46_gsl.sql
# loading sql script: 46_profiler.sql
# loading sql script: 51_sys_schema_extension.sql
# loading sql script: 72_fits.sql
# loading sql script: 74_netcdf.sql
# loading sql script: 75_lidar.sql
# loading sql script: 75_shp.sql
# loading sql script: 75_storagemodel.sql
# loading sql script: 80_statistics.sql
# loading sql script: 80_udf.sql
# loading sql script: 80_udf_hge.sql
# loading sql script: 85_bam.sql
# loading sql script: 90_generator.sql
# loading sql script: 90_generator_hge.sql
# loading sql script: 99_system.sql

# 17:58:25 >  
# 17:58:25 >  "./Test_Smoreresults.SQL.sh" "Test_Smoreresults"
# 17:58:25 >  


# 17:58:25 >  
# 17:58:25 >  java Test_Smoreresults "jdbc:monetdb://toulouse:34749/mTests_sql_jdbc_tests?user=monetdb&password=monetdb"
# 17:58:25 >  

0. true	true
1. more results?... nope :)
2. SELECT 1... ResultSet :)
3. more results?... nope :)
4. even more results?... nope :)

# 17:58:25 >  
# 17:58:25 >  "Done."
# 17:58:25 >  

