stdout of test 'sqlitelogictest-groupby-coalesce-error-message.Bug-6608` in directory 'sql/test/BugTracker-2018` itself:


# 09:40:19 >  
# 09:40:19 >  "mserver5" "--debug=10" "--set" "gdk_nr_threads=0" "--set" "mapi_open=true" "--set" "mapi_port=34045" "--set" "mapi_usock=/var/tmp/mtest-13348/.s.monetdb.34045" "--set" "monet_prompt=" "--forcemito" "--dbpath=/home/ferreira/repositories/MonetDB-Mar2018/BUILD/var/MonetDB/mTests_sql_test_BugTracker-2018" "--set" "embedded_c=true"
# 09:40:19 >  

# MonetDB 5 server v11.29.4
# This is an unreleased version
# Serving database 'mTests_sql_test_BugTracker-2018', using 8 threads
# Compiled for x86_64-pc-linux-gnu/64bit with 128bit integers
# Found 15.492 GiB available main-memory.
# Copyright (c) 1993 - July 2008 CWI.
# Copyright (c) August 2008 - 2018 MonetDB B.V., all rights reserved
# Visit https://www.monetdb.org/ for further information
# Listening for connection requests on mapi:monetdb://dhcp-193.eduroam.cwi.nl:34045/
# Listening for UNIX domain connection requests on mapi:monetdb:///var/tmp/mtest-13348/.s.monetdb.34045
# MonetDB/GIS module loaded
# MonetDB/SQL module loaded

Ready.
# SQL catalog created, loading sql scripts once
# loading sql script: 09_like.sql
# loading sql script: 10_math.sql
# loading sql script: 11_times.sql
# loading sql script: 12_url.sql
# loading sql script: 13_date.sql
# loading sql script: 14_inet.sql
# loading sql script: 15_querylog.sql
# loading sql script: 16_tracelog.sql
# loading sql script: 17_temporal.sql
# loading sql script: 18_index.sql
# loading sql script: 20_vacuum.sql
# loading sql script: 21_dependency_functions.sql
# loading sql script: 21_dependency_views.sql
# loading sql script: 22_clients.sql
# loading sql script: 23_skyserver.sql
# loading sql script: 25_debug.sql
# loading sql script: 26_sysmon.sql
# loading sql script: 27_rejects.sql
# loading sql script: 39_analytics.sql
# loading sql script: 39_analytics_hge.sql
# loading sql script: 40_geom.sql
# loading sql script: 40_json.sql
# loading sql script: 40_json_hge.sql
# loading sql script: 41_md5sum.sql
# loading sql script: 45_uuid.sql
# loading sql script: 46_profiler.sql
# loading sql script: 51_sys_schema_extension.sql
# loading sql script: 60_wlcr.sql
# loading sql script: 72_fits.sql
# loading sql script: 74_netcdf.sql
# loading sql script: 75_lidar.sql
# loading sql script: 75_shp.sql
# loading sql script: 75_storagemodel.sql
# loading sql script: 80_statistics.sql
# loading sql script: 80_udf.sql
# loading sql script: 80_udf_hge.sql
# loading sql script: 85_bam.sql
# loading sql script: 90_generator.sql
# loading sql script: 90_generator_hge.sql
# loading sql script: 99_system.sql

# 09:40:19 >  
# 09:40:19 >  "mclient" "-lsql" "-ftest" "-tnone" "-Eutf-8" "-i" "-e" "--host=/var/tmp/mtest-13348" "--port=34045"
# 09:40:19 >  

#CREATE TABLE tab0(col0 INTEGER, col1 INTEGER, col2 INTEGER);
#CREATE TABLE tab1(col0 INTEGER, col1 INTEGER, col2 INTEGER);
#INSERT INTO tab0 VALUES (83,0,38), (26,0,79), (43,81,24);
[ 3	]
#INSERT INTO tab1 VALUES (22,6,8), (28,57,45), (82,44,71);
[ 3	]
#DROP TABLE tab0;
#DROP TABLE tab1;

# 09:40:20 >  
# 09:40:20 >  "Done."
# 09:40:20 >  

