stdout of test 'wlr50` in directory 'sql/test/wlcr` itself:


# 20:24:40 >  
# 20:24:40 >  "/usr/bin/python2" "wlr50.py" "wlr50"
# 20:24:40 >  

# MonetDB 5 server v11.26.0
# This is an unreleased version
# Serving database 'mTests_sql_test_wlcr-clone', using 8 threads
# Compiled for x86_64-unknown-linux-gnu/64bit with 128bit integers
# Found 15.589 GiB available main-memory.
# Copyright (c) 1993-July 2008 CWI.
# Copyright (c) August 2008-2017 MonetDB B.V., all rights reserved
# Visit http://www.monetdb.org/ for further information
# Listening for connection requests on mapi:monetdb://vienna.da.cwi.nl:44561/
# Listening for UNIX domain connection requests on mapi:monetdb:///var/tmp/mtest-21852/.s.monetdb.44561
# MonetDB/GIS module loaded
#replay log file:/export/scratch1/mk/wlcr//Linux/var/MonetDB/mTests_sql_test_wlcr-clone/../mTests_sql_test_wlcr/master/mTests_sql_test_wlcr_000000000018
#replay log file:/export/scratch1/mk/wlcr//Linux/var/MonetDB/mTests_sql_test_wlcr-clone/../mTests_sql_test_wlcr/master/mTests_sql_test_wlcr_000000000019
#replay log file:/export/scratch1/mk/wlcr//Linux/var/MonetDB/mTests_sql_test_wlcr-clone/../mTests_sql_test_wlcr/master/mTests_sql_test_wlcr_000000000020
# MonetDB/SQL module loaded
#select * from tmp;
% sys.tmp,	sys.tmp # table_name
% i,	s # name
% int,	clob # type
% 1,	0 # length

# 20:24:40 >  
# 20:24:40 >  "Done."
# 20:24:40 >  

