stdout of test 'wlr70` in directory 'sql/test/wlcr` itself:


# 13:16:46 >  
# 13:16:46 >  "/bin/python2" "wlr70.py" "wlr70"
# 13:16:46 >  

# MonetDB 5 server v11.28.0
# This is an unreleased version
# Serving database 'mTests_sql_test_wlcr-clone', using 4 threads
# Compiled for x86_64-unknown-linux-gnu/64bit with 128bit integers
# Found 15.520 GiB available main-memory.
# Copyright (c) 1993-July 2008 CWI.
# Copyright (c) August 2008-2017 MonetDB B.V., all rights reserved
# Visit http://www.monetdb.org/ for further information
# Listening for connection requests on mapi:monetdb://zarquon.zarniwoop.org:52305/
# Listening for UNIX domain connection requests on mapi:monetdb:///var/tmp/mtest-22068/.s.monetdb.52305
# MonetDB/GIS module loaded
# MonetDB/SQL module loaded
#now 2017-05-02T13:16:47.000 tlimit 2017-05-02 11:16:47.000
#call replicate(now());
#Waiting for replay scheduler to stop
#time limit 2017-05-02 11:16:47.000
#select * from tmp70;
% sys.tmp70,	sys.tmp70 # table_name
% i,	s # name
% int,	clob # type
% 1,	0 # length
#call replicate();
#Waiting for replay scheduler to stop
#Waiting for replay scheduler to stop
#Waiting for replay scheduler to stop
#Waiting for replay scheduler to stop
#Waiting for replay scheduler to stop
#select * from tmp70;
% sys.tmp70,	sys.tmp70 # table_name
% i,	s # name
% int,	clob # type
% 1,	5 # length
[ 1,	"hello"	]
[ 2,	"world"	]

# 13:16:48 >  
# 13:16:48 >  "Done."
# 13:16:48 >  

