stdout of test 'remote03` in directory 'monetdb5/modules/mal` itself:


# 04:04:13 >  
# 04:04:13 >  "mserver5" "--debug=10" "--set" "gdk_nr_threads=0" "--set" "mapi_open=true" "--set" "mapi_port=32121" "--set" "mapi_usock=/var/tmp/mtest-3168/.s.monetdb.32121" "--set" "monet_prompt=" "--forcemito" "--dbpath=/export/scratch1/mk/default//Linux/var/MonetDB/mTests_monetdb5_modules_mal"
# 04:04:13 >  

# MonetDB 5 server v11.24.0
# This is an unreleased version
# Serving database 'mTests_monetdb5_modules_mal', using 8 threads
# Compiled for x86_64-unknown-linux-gnu/64bit with 64bit OIDs and 128bit integers dynamically linked
# Found 15.589 GiB available main-memory.
# Copyright (c) 1993-July 2008 CWI.
# Copyright (c) August 2008-2016 MonetDB B.V., all rights reserved
# Visit http://www.monetdb.org/ for further information
# Listening for connection requests on mapi:monetdb://vienna.da.cwi.nl:32121/
# Listening for UNIX domain connection requests on mapi:monetdb:///var/tmp/mtest-3168/.s.monetdb.32121
# MonetDB/GIS module loaded
# MonetDB/SQL module loaded

Ready.

# 04:04:13 >  
# 04:04:13 >  "mclient" "-lmal" "-ftest" "-Eutf-8" "--host=/var/tmp/mtest-3168" "--port=32121"
# 04:04:13 >  

[ "Received first error from the remote site"	]

# 04:04:13 >  
# 04:04:13 >  "Done."
# 04:04:13 >  

