stdout of test 'sqlsmith.Bug-6219` in directory 'sql/test/BugTracker-2017` itself:


# 17:09:30 >  
# 17:09:30 >  "mserver5" "--debug=10" "--set" "gdk_nr_threads=0" "--set" "mapi_open=true" "--set" "mapi_port=31733" "--set" "mapi_usock=/var/tmp/mtest-20365/.s.monetdb.31733" "--set" "monet_prompt=" "--forcemito" "--dbpath=/home/niels/scratch/monetdb/Linux-x86_64/var/MonetDB/mTests_sql_test_BugTracker-2017"
# 17:09:30 >  

# MonetDB 5 server v11.26.0
# This is an unreleased version
# Serving database 'mTests_sql_test_BugTracker-2017', using 4 threads
# Compiled for x86_64-unknown-linux-gnu/64bit with 128bit integers
# Found 7.332 GiB available main-memory.
# Copyright (c) 1993-July 2008 CWI.
# Copyright (c) August 2008-2017 MonetDB B.V., all rights reserved
# Visit http://www.monetdb.org/ for further information
# Listening for connection requests on mapi:monetdb://localhost.nes.nl:31733/
# Listening for UNIX domain connection requests on mapi:monetdb:///var/tmp/mtest-20365/.s.monetdb.31733
# MonetDB/GIS module loaded
# MonetDB/SQL module loaded

Ready.

# 17:09:30 >  
# 17:09:30 >  "mclient" "-lsql" "-ftest" "-Eutf-8" "-i" "-e" "--host=/var/tmp/mtest-20365" "--port=31733"
# 17:09:30 >  


# 17:09:30 >  
# 17:09:30 >  "Done."
# 17:09:30 >  

