stdout of test 'sqlsmith.Bug-6217` in directory 'sql/test/BugTracker-2017` itself:


# 14:03:35 >  
# 14:03:35 >  "mserver5" "--debug=10" "--set" "gdk_nr_threads=0" "--set" "mapi_open=true" "--set" "mapi_port=30571" "--set" "mapi_usock=/var/tmp/mtest-13980/.s.monetdb.30571" "--set" "monet_prompt=" "--forcemito" "--dbpath=/home/niels/scratch/monetdb/Linux-x86_64/var/MonetDB/mTests_sql_test_BugTracker-2017"
# 14:03:35 >  

# MonetDB 5 server v11.26.0
# This is an unreleased version
# Serving database 'mTests_sql_test_BugTracker-2017', using 4 threads
# Compiled for x86_64-unknown-linux-gnu/64bit with 128bit integers
# Found 7.332 GiB available main-memory.
# Copyright (c) 1993-July 2008 CWI.
# Copyright (c) August 2008-2017 MonetDB B.V., all rights reserved
# Visit http://www.monetdb.org/ for further information
# Listening for connection requests on mapi:monetdb://localhost.nes.nl:30571/
# Listening for UNIX domain connection requests on mapi:monetdb:///var/tmp/mtest-13980/.s.monetdb.30571
# MonetDB/GIS module loaded
# MonetDB/SQL module loaded

Ready.

# 14:03:35 >  
# 14:03:35 >  "mclient" "-lsql" "-ftest" "-Eutf-8" "-i" "-e" "--host=/var/tmp/mtest-13980" "--port=30571"
# 14:03:35 >  

#select
#  ref_2.name as c0,
#  ref_2.name as c1,
#  ref_2.condition as c2,
#  90 as c3,
#  ref_2.condition as c4,
#  ref_2.id as c5
#from
#  sys.triggers as ref_2
#where 24 is NULL;
% sys.L2,	sys.L4,	sys.L6,	.L10,	sys.L12,	sys.L14 # table_name
% c0,	c1,	c2,	c3,	c4,	c5 # name
% varchar,	varchar,	varchar,	tinyint,	varchar,	int # type
% 0,	0,	0,	1,	0,	1 # length

# 14:03:35 >  
# 14:03:35 >  "Done."
# 14:03:35 >  

