stdout of test 'rewrite_like_into_likesubselect.Bug-3179` in directory 'sql/test/BugTracker-2012` itself:


# 13:28:50 >  
# 13:28:50 >  "mserver5" "--debug=10" "--set" "gdk_nr_threads=4" "--set" "mapi_open=true" "--set" "mapi_port=31819" "--set" "monet_prompt=" "--trace" "--forcemito" "--set" "mal_listing=2" "--dbpath=/home/niels/scratch/monetdb/Linux-x86_64/var/MonetDB/mTests_test_BugTracker-2012" "--set" "mal_listing=0"
# 13:28:50 >  

# MonetDB 5 server v11.14.0
# This is an unreleased version
# Serving database 'mTests_test_BugTracker-2012', using 4 threads
# Compiled for x86_64-unknown-linux-gnu/64bit with 64bit OIDs dynamically linked
# Found 3.778 GiB available main-memory.
# Copyright (c) 1993-July 2008 CWI.
# Copyright (c) August 2008-2015 MonetDB B.V., all rights reserved
# Visit http://www.monetdb.org/ for further information
# Listening for connection requests on mapi:monetdb://niels.nesco.mine.nu:31819/
# MonetDB/GIS module loaded
# MonetDB/JAQL module loaded
# MonetDB/SQL module loaded

Ready.

# 13:28:50 >  
# 13:28:50 >  "mclient" "-lsql" "-ftest" "-Eutf-8" "-i" "-e" "--host=niels" "--port=31819"
# 13:28:50 >  

#start transaction;
#explain select name,func from functions where name like '%optimizers%';
% .explain # table_name
% mal # name
% clob # type
% 146 # length
function user.s4_1():void;
    X_2:void := querylog.define("explain select name,func from functions where name like \\'%optimizers%\\';":str, "sequential_pipe":str, 36:int);
    X_35:bat[:str] := bat.new(nil:str);
    X_41:bat[:int] := bat.new(nil:int);
    X_39:bat[:int] := bat.new(nil:int);
    X_38:bat[:str] := bat.new(nil:str);
    X_37:bat[:str] := bat.new(nil:str);
    X_5:int := sql.mvc();
    X_9:bat[:str] := sql.bind(X_5:int, "sys":str, "functions":str, "name":str, 0:int);
    C_6:bat[:oid] := sql.tid(X_5:int, "sys":str, "functions":str);
    C_95:bat[:oid] := algebra.likeselect(X_9:bat[:str], C_6:bat[:oid], "%optimizers%":str, "":str, false:bit);
    (X_14:bat[:oid], X_15:bat[:str]) := sql.bind(X_5:int, "sys":str, "functions":str, "name":str, 2:int);
    C_96:bat[:oid] := algebra.likeselect(X_15:bat[:str], nil:bat[:oid], "%optimizers%":str, "":str, false:bit);
    X_12:bat[:str] := sql.bind(X_5:int, "sys":str, "functions":str, "name":str, 1:int);
    C_98:bat[:oid] := algebra.likeselect(X_12:bat[:str], C_6:bat[:oid], "%optimizers%":str, "":str, false:bit);
    C_29:bat[:oid] := sql.subdelta(C_95:bat[:oid], C_6:bat[:oid], X_14:bat[:oid], C_96:bat[:oid], C_98:bat[:oid]);
    X_19:bat[:str] := sql.bind(X_5:int, "sys":str, "functions":str, "func":str, 0:int);
    (X_22:bat[:oid], X_23:bat[:str]) := sql.bind(X_5:int, "sys":str, "functions":str, "func":str, 2:int);
    X_21:bat[:str] := sql.bind(X_5:int, "sys":str, "functions":str, "func":str, 1:int);
    X_33:bat[:str] := sql.projectdelta(C_29:bat[:oid], X_19:bat[:str], X_22:bat[:oid], X_23:bat[:str], X_21:bat[:str]);
    X_32:bat[:str] := sql.projectdelta(C_29:bat[:oid], X_9:bat[:str], X_14:bat[:oid], X_15:bat[:str], X_12:bat[:str]);
    X_42:bat[:str] := bat.append(X_35:bat[:str], "sys.functions":str);
    X_44:bat[:str] := bat.append(X_37:bat[:str], "name":str);
    X_46:bat[:str] := bat.append(X_38:bat[:str], "varchar":str);
    X_48:bat[:int] := bat.append(X_39:bat[:int], 256:int);
    X_50:bat[:int] := bat.append(X_41:bat[:int], 0:int);
    X_52:bat[:str] := bat.append(X_42:bat[:str], "sys.functions":str);
    X_53:bat[:str] := bat.append(X_44:bat[:str], "func":str);
    X_55:bat[:str] := bat.append(X_46:bat[:str], "varchar":str);
    X_56:bat[:int] := bat.append(X_48:bat[:int], 8196:int);
    X_58:bat[:int] := bat.append(X_50:bat[:int], 0:int);
    sql.resultSet(X_52:bat[:str], X_53:bat[:str], X_55:bat[:str], X_56:bat[:int], X_58:bat[:int], X_32:bat[:str], X_33:bat[:str]);
end user.s4_1;
#inline               actions= 0 time=1 usec 
#remap                actions= 0 time=2 usec 
#costmodel            actions= 1 time=1 usec 
#coercion             actions= 1 time=2 usec 
#evaluate             actions= 1 time=12 usec 
#emptybind            actions= 0 time=4 usec 
#pushselect           actions= 5 time=20 usec 
#aliases              actions= 3 time=4 usec 
#mergetable           actions= 0 time=17 usec 
#deadcode             actions= 2 time=4 usec 
#aliases              actions= 0 time=3 usec 
#constants            actions= 6 time=5 usec 
#commonTerms          actions= 0 time=3 usec 
#projectionpath       actions= 0 time=2 usec 
#reorder              actions= 1 time=16 usec 
#deadcode             actions= 0 time=4 usec 
#reduce               actions=32 time=7 usec 
#matpack              actions= 0 time=1 usec 
#multiplex            actions= 0 time=2 usec 
#generator            actions= 0 time=2 usec 
#profiler             actions= 1 time=15 usec 
#garbageCollector     actions= 1 time=20 usec 
#total                actions= 1 time=549 usec 
#explain select name,func from functions where not_contains(name, 'optimizers');
% .explain # table_name
% mal # name
% clob # type
% 150 # length
function user.s6_1():void;
    X_2:void := querylog.define("explain select name,func from functions where name not like \\'%optimizers%\\';":str, "sequential_pipe":str, 36:int);
    X_35:bat[:str] := bat.new(nil:str);
    X_41:bat[:int] := bat.new(nil:int);
    X_39:bat[:int] := bat.new(nil:int);
    X_38:bat[:str] := bat.new(nil:str);
    X_37:bat[:str] := bat.new(nil:str);
    X_5:int := sql.mvc();
    X_9:bat[:str] := sql.bind(X_5:int, "sys":str, "functions":str, "name":str, 0:int);
    C_6:bat[:oid] := sql.tid(X_5:int, "sys":str, "functions":str);
    C_95:bat[:oid] := algebra.likeselect(X_9:bat[:str], C_6:bat[:oid], "%optimizers%":str, "":str, true:bit);
    (X_14:bat[:oid], X_15:bat[:str]) := sql.bind(X_5:int, "sys":str, "functions":str, "name":str, 2:int);
    C_96:bat[:oid] := algebra.likeselect(X_15:bat[:str], nil:bat[:oid], "%optimizers%":str, "":str, true:bit);
    X_12:bat[:str] := sql.bind(X_5:int, "sys":str, "functions":str, "name":str, 1:int);
    C_98:bat[:oid] := algebra.likeselect(X_12:bat[:str], C_6:bat[:oid], "%optimizers%":str, "":str, true:bit);
    C_29:bat[:oid] := sql.subdelta(C_95:bat[:oid], C_6:bat[:oid], X_14:bat[:oid], C_96:bat[:oid], C_98:bat[:oid]);
    X_19:bat[:str] := sql.bind(X_5:int, "sys":str, "functions":str, "func":str, 0:int);
    (X_22:bat[:oid], X_23:bat[:str]) := sql.bind(X_5:int, "sys":str, "functions":str, "func":str, 2:int);
    X_21:bat[:str] := sql.bind(X_5:int, "sys":str, "functions":str, "func":str, 1:int);
    X_33:bat[:str] := sql.projectdelta(C_29:bat[:oid], X_19:bat[:str], X_22:bat[:oid], X_23:bat[:str], X_21:bat[:str]);
    X_32:bat[:str] := sql.projectdelta(C_29:bat[:oid], X_9:bat[:str], X_14:bat[:oid], X_15:bat[:str], X_12:bat[:str]);
    X_42:bat[:str] := bat.append(X_35:bat[:str], "sys.functions":str);
    X_44:bat[:str] := bat.append(X_37:bat[:str], "name":str);
    X_46:bat[:str] := bat.append(X_38:bat[:str], "varchar":str);
    X_48:bat[:int] := bat.append(X_39:bat[:int], 256:int);
    X_50:bat[:int] := bat.append(X_41:bat[:int], 0:int);
    X_52:bat[:str] := bat.append(X_42:bat[:str], "sys.functions":str);
    X_53:bat[:str] := bat.append(X_44:bat[:str], "func":str);
    X_55:bat[:str] := bat.append(X_46:bat[:str], "varchar":str);
    X_56:bat[:int] := bat.append(X_48:bat[:int], 8196:int);
    X_58:bat[:int] := bat.append(X_50:bat[:int], 0:int);
    sql.resultSet(X_52:bat[:str], X_53:bat[:str], X_55:bat[:str], X_56:bat[:int], X_58:bat[:int], X_32:bat[:str], X_33:bat[:str]);
end user.s6_1;
#inline               actions= 0 time=1 usec 
#remap                actions= 0 time=1 usec 
#costmodel            actions= 1 time=1 usec 
#coercion             actions= 1 time=3 usec 
#evaluate             actions= 1 time=16 usec 
#emptybind            actions= 0 time=5 usec 
#pushselect           actions= 2 time=31 usec 
#aliases              actions= 6 time=22 usec 
#mergetable           actions= 0 time=27 usec 
#deadcode             actions= 3 time=19 usec 
#aliases              actions= 0 time=6 usec 
#constants            actions= 5 time=25 usec 
#commonTerms          actions= 0 time=6 usec 
#projectionpath       actions= 0 time=4 usec 
#reorder              actions= 1 time=33 usec 
#deadcode             actions= 0 time=6 usec 
#reduce               actions=71 time=40 usec 
#matpack              actions= 0 time=3 usec 
#querylog             actions= 0 time=1 usec 
#multiplex            actions= 0 time=3 usec 
#generator            actions= 0 time=2 usec 
#profiler             actions= 1 time=17 usec 
#garbageCollector     actions= 1 time=21 usec 
#total                actions= 1 time=499 usec 
#explain select name,func from functions where icontains(name, 'optimizers');
% .explain # table_name
% mal # name
% clob # type
% 147 # length
function user.s8_1():void;
    X_2:void := querylog.define("explain select name,func from functions where name ilike \\'%optimizers%\\';":str, "sequential_pipe":str, 36:int);
    X_35:bat[:str] := bat.new(nil:str);
    X_41:bat[:int] := bat.new(nil:int);
    X_39:bat[:int] := bat.new(nil:int);
    X_38:bat[:str] := bat.new(nil:str);
    X_37:bat[:str] := bat.new(nil:str);
    X_5:int := sql.mvc();
    X_9:bat[:str] := sql.bind(X_5:int, "sys":str, "functions":str, "name":str, 0:int);
    C_6:bat[:oid] := sql.tid(X_5:int, "sys":str, "functions":str);
    C_95:bat[:oid] := algebra.ilikeselect(X_9:bat[:str], C_6:bat[:oid], "%optimizers%":str, "":str, false:bit);
    (X_14:bat[:oid], X_15:bat[:str]) := sql.bind(X_5:int, "sys":str, "functions":str, "name":str, 2:int);
    C_96:bat[:oid] := algebra.ilikeselect(X_15:bat[:str], nil:bat[:oid], "%optimizers%":str, "":str, false:bit);
    X_12:bat[:str] := sql.bind(X_5:int, "sys":str, "functions":str, "name":str, 1:int);
    C_98:bat[:oid] := algebra.ilikeselect(X_12:bat[:str], C_6:bat[:oid], "%optimizers%":str, "":str, false:bit);
    C_29:bat[:oid] := sql.subdelta(C_95:bat[:oid], C_6:bat[:oid], X_14:bat[:oid], C_96:bat[:oid], C_98:bat[:oid]);
    X_19:bat[:str] := sql.bind(X_5:int, "sys":str, "functions":str, "func":str, 0:int);
    (X_22:bat[:oid], X_23:bat[:str]) := sql.bind(X_5:int, "sys":str, "functions":str, "func":str, 2:int);
    X_21:bat[:str] := sql.bind(X_5:int, "sys":str, "functions":str, "func":str, 1:int);
    X_33:bat[:str] := sql.projectdelta(C_29:bat[:oid], X_19:bat[:str], X_22:bat[:oid], X_23:bat[:str], X_21:bat[:str]);
    X_32:bat[:str] := sql.projectdelta(C_29:bat[:oid], X_9:bat[:str], X_14:bat[:oid], X_15:bat[:str], X_12:bat[:str]);
    X_42:bat[:str] := bat.append(X_35:bat[:str], "sys.functions":str);
    X_44:bat[:str] := bat.append(X_37:bat[:str], "name":str);
    X_46:bat[:str] := bat.append(X_38:bat[:str], "varchar":str);
    X_48:bat[:int] := bat.append(X_39:bat[:int], 256:int);
    X_50:bat[:int] := bat.append(X_41:bat[:int], 0:int);
    X_52:bat[:str] := bat.append(X_42:bat[:str], "sys.functions":str);
    X_53:bat[:str] := bat.append(X_44:bat[:str], "func":str);
    X_55:bat[:str] := bat.append(X_46:bat[:str], "varchar":str);
    X_56:bat[:int] := bat.append(X_48:bat[:int], 8196:int);
    X_58:bat[:int] := bat.append(X_50:bat[:int], 0:int);
    sql.resultSet(X_52:bat[:str], X_53:bat[:str], X_55:bat[:str], X_56:bat[:int], X_58:bat[:int], X_32:bat[:str], X_33:bat[:str]);
end user.s8_1;
#inline               actions= 0 time=0 usec 
#remap                actions= 0 time=1 usec 
#costmodel            actions= 1 time=1 usec 
#coercion             actions= 1 time=3 usec 
#evaluate             actions= 1 time=16 usec 
#emptybind            actions= 0 time=4 usec 
#pushselect           actions= 5 time=16 usec 
#aliases              actions= 3 time=4 usec 
#mergetable           actions= 0 time=18 usec 
#deadcode             actions= 2 time=4 usec 
#aliases              actions= 0 time=2 usec 
#constants            actions= 6 time=5 usec 
#commonTerms          actions= 0 time=4 usec 
#projectionpath       actions= 0 time=2 usec 
#reorder              actions= 1 time=15 usec 
#deadcode             actions= 0 time=3 usec 
#reduce               actions=32 time=6 usec 
#matpack              actions= 0 time=2 usec 
#multiplex            actions= 0 time=2 usec 
#profiler             actions= 1 time=2 usec 
#candidates           actions= 1 time=1 usec 
#garbagecollector     actions= 1 time=8 usec 
#explain select name,func from functions where name not ilike '%optimizers%';
% .explain # table_name
% mal # name
% clob # type
% 151 # length
function user.s10_1():void;
    X_2:void := querylog.define("explain select name,func from functions where name not ilike \\'%optimizers%\\';":str, "sequential_pipe":str, 36:int);
    X_35:bat[:str] := bat.new(nil:str);
    X_41:bat[:int] := bat.new(nil:int);
    X_39:bat[:int] := bat.new(nil:int);
    X_38:bat[:str] := bat.new(nil:str);
    X_37:bat[:str] := bat.new(nil:str);
    X_5:int := sql.mvc();
    X_9:bat[:str] := sql.bind(X_5:int, "sys":str, "functions":str, "name":str, 0:int);
    C_6:bat[:oid] := sql.tid(X_5:int, "sys":str, "functions":str);
    C_95:bat[:oid] := algebra.ilikeselect(X_9:bat[:str], C_6:bat[:oid], "%optimizers%":str, "":str, true:bit);
    (X_14:bat[:oid], X_15:bat[:str]) := sql.bind(X_5:int, "sys":str, "functions":str, "name":str, 2:int);
    C_96:bat[:oid] := algebra.ilikeselect(X_15:bat[:str], nil:bat[:oid], "%optimizers%":str, "":str, true:bit);
    X_12:bat[:str] := sql.bind(X_5:int, "sys":str, "functions":str, "name":str, 1:int);
    C_98:bat[:oid] := algebra.ilikeselect(X_12:bat[:str], C_6:bat[:oid], "%optimizers%":str, "":str, true:bit);
    C_29:bat[:oid] := sql.subdelta(C_95:bat[:oid], C_6:bat[:oid], X_14:bat[:oid], C_96:bat[:oid], C_98:bat[:oid]);
    X_19:bat[:str] := sql.bind(X_5:int, "sys":str, "functions":str, "func":str, 0:int);
    (X_22:bat[:oid], X_23:bat[:str]) := sql.bind(X_5:int, "sys":str, "functions":str, "func":str, 2:int);
    X_21:bat[:str] := sql.bind(X_5:int, "sys":str, "functions":str, "func":str, 1:int);
    X_33:bat[:str] := sql.projectdelta(C_29:bat[:oid], X_19:bat[:str], X_22:bat[:oid], X_23:bat[:str], X_21:bat[:str]);
    X_32:bat[:str] := sql.projectdelta(C_29:bat[:oid], X_9:bat[:str], X_14:bat[:oid], X_15:bat[:str], X_12:bat[:str]);
    X_42:bat[:str] := bat.append(X_35:bat[:str], "sys.functions":str);
    X_44:bat[:str] := bat.append(X_37:bat[:str], "name":str);
    X_46:bat[:str] := bat.append(X_38:bat[:str], "varchar":str);
    X_48:bat[:int] := bat.append(X_39:bat[:int], 256:int);
    X_50:bat[:int] := bat.append(X_41:bat[:int], 0:int);
    X_52:bat[:str] := bat.append(X_42:bat[:str], "sys.functions":str);
    X_53:bat[:str] := bat.append(X_44:bat[:str], "func":str);
    X_55:bat[:str] := bat.append(X_46:bat[:str], "varchar":str);
    X_56:bat[:int] := bat.append(X_48:bat[:int], 8196:int);
    X_58:bat[:int] := bat.append(X_50:bat[:int], 0:int);
    sql.resultSet(X_52:bat[:str], X_53:bat[:str], X_55:bat[:str], X_56:bat[:int], X_58:bat[:int], X_32:bat[:str], X_33:bat[:str]);
end user.s10_1;
#inline               actions= 0 time=1 usec 
#remap                actions= 0 time=1 usec 
#costmodel            actions= 1 time=1 usec 
#coercion             actions= 1 time=3 usec 
#evaluate             actions= 1 time=16 usec 
#emptybind            actions= 0 time=5 usec 
#pushselect           actions= 2 time=29 usec 
#aliases              actions= 6 time=21 usec 
#mergetable           actions= 0 time=25 usec 
#deadcode             actions= 3 time=19 usec 
#aliases              actions= 0 time=6 usec 
#constants            actions= 5 time=24 usec 
#commonTerms          actions= 0 time=5 usec 
#projectionpath       actions= 0 time=4 usec 
#reorder              actions= 1 time=37 usec 
#deadcode             actions= 0 time=5 usec 
#reduce               actions=71 time=39 usec 
#matpack              actions= 0 time=3 usec 
#querylog             actions= 0 time=0 usec 
#multiplex            actions= 0 time=3 usec 
#profiler             actions= 1 time=5 usec 
#candidates           actions= 1 time=2 usec 
#garbagecollector     actions= 1 time=26 usec 
#total                actions= 1 time=457 usec 
#create function contains(str string, substr string)
#returns boolean
#begin
#	  return str like '%'||substr||'%';
#end; 
#create function not_contains(str string, substr string)
#returns boolean
#begin
#	  return str not like '%'||substr||'%';
#end; 
#create function icontains(str string, substr string)
#returns boolean
#begin
#	  return str ilike '%'||substr||'%';
#end; 
#create function not_icontains(str string, substr string)
#returns boolean
#begin
#	  return str not ilike '%'||substr||'%';
#end; 
#explain select name,func from functions where contains(name, 'optimizers');
% .explain # table_name
% mal # name
% clob # type
% 150 # length
function user.s20_1():void;
    X_2:void := querylog.define("explain select name,func from functions where contains(name, \\'optimizers\\');":str, "sequential_pipe":str, 37:int);
    X_37:bat[:str] := bat.new(nil:str);
    X_43:bat[:int] := bat.new(nil:int);
    X_41:bat[:int] := bat.new(nil:int);
    X_40:bat[:str] := bat.new(nil:str);
    X_39:bat[:str] := bat.new(nil:str);
    X_5:int := sql.mvc();
    C_6:bat[:oid] := sql.tid(X_5:int, "sys":str, "functions":str);
    X_9:bat[:str] := sql.bind(X_5:int, "sys":str, "functions":str, "name":str, 0:int);
    (X_14:bat[:oid], X_15:bat[:str]) := sql.bind(X_5:int, "sys":str, "functions":str, "name":str, 2:int);
    X_12:bat[:str] := sql.bind(X_5:int, "sys":str, "functions":str, "name":str, 1:int);
    X_18:bat[:str] := sql.projectdelta(C_6:bat[:oid], X_9:bat[:str], X_14:bat[:oid], X_15:bat[:str], X_12:bat[:str]);
    X_100:bat[:bit] := batalgebra.like(X_18:bat[:str], "%optimizers%":str);
    C_32:bat[:oid] := algebra.thetaselect(X_100:bat[:bit], true:bit, "==":str);
    X_19:bat[:str] := sql.bind(X_5:int, "sys":str, "functions":str, "func":str, 0:int);
    (X_22:bat[:oid], X_23:bat[:str]) := sql.bind(X_5:int, "sys":str, "functions":str, "func":str, 2:int);
    X_21:bat[:str] := sql.bind(X_5:int, "sys":str, "functions":str, "func":str, 1:int);
    X_25:bat[:str] := sql.projectdelta(C_6:bat[:oid], X_19:bat[:str], X_22:bat[:oid], X_23:bat[:str], X_21:bat[:str]);
    X_35:bat[:str] := algebra.projection(C_32:bat[:oid], X_25:bat[:str]);
    X_34:bat[:str] := algebra.projection(C_32:bat[:oid], X_18:bat[:str]);
    X_44:bat[:str] := bat.append(X_37:bat[:str], "sys.functions":str);
    X_46:bat[:str] := bat.append(X_39:bat[:str], "name":str);
    X_48:bat[:str] := bat.append(X_40:bat[:str], "varchar":str);
    X_50:bat[:int] := bat.append(X_41:bat[:int], 256:int);
    X_52:bat[:int] := bat.append(X_43:bat[:int], 0:int);
    X_54:bat[:str] := bat.append(X_44:bat[:str], "sys.functions":str);
    X_55:bat[:str] := bat.append(X_46:bat[:str], "func":str);
    X_57:bat[:str] := bat.append(X_48:bat[:str], "varchar":str);
    X_58:bat[:int] := bat.append(X_50:bat[:int], 8196:int);
    X_60:bat[:int] := bat.append(X_52:bat[:int], 0:int);
    sql.resultSet(X_54:bat[:str], X_55:bat[:str], X_57:bat[:str], X_58:bat[:int], X_60:bat[:int], X_34:bat[:str], X_35:bat[:str]);
end user.s20_1;
#inline               actions= 0 time=12 usec 
#remap                actions= 1 time=100 usec 
#costmodel            actions= 1 time=3 usec 
#coercion             actions= 5 time=18 usec 
#evaluate             actions= 4 time=35 usec 
#emptybind            actions= 0 time=16 usec 
#pushselect           actions= 2 time=45 usec 
#aliases              actions= 6 time=16 usec 
#mergetable           actions= 0 time=53 usec 
#deadcode             actions= 3 time=11 usec 
#aliases              actions= 0 time=9 usec 
#constants            actions= 5 time=23 usec 
#commonTerms          actions= 0 time=9 usec 
#projectionpath       actions= 0 time=6 usec 
#reorder              actions= 1 time=42 usec 
#deadcode             actions= 0 time=9 usec 
#reduce               actions=72 time=22 usec 
#matpack              actions= 0 time=4 usec 
#multiplex            actions= 0 time=4 usec 
#profiler             actions= 1 time=5 usec 
#candidates           actions= 1 time=2 usec 
#garbagecollector     actions= 1 time=26 usec 
#total                actions= 1 time=621 usec 
#explain select name,func from functions where not_contains(name, 'optimizers');
% .explain # table_name
% mal # name
% clob # type
% 154 # length
function user.s22_1():void;
    X_2:void := querylog.define("explain select name,func from functions where not_contains(name, \\'optimizers\\');":str, "sequential_pipe":str, 37:int);
    X_37:bat[:str] := bat.new(nil:str);
    X_43:bat[:int] := bat.new(nil:int);
    X_41:bat[:int] := bat.new(nil:int);
    X_40:bat[:str] := bat.new(nil:str);
    X_39:bat[:str] := bat.new(nil:str);
    X_5:int := sql.mvc();
    C_6:bat[:oid] := sql.tid(X_5:int, "sys":str, "functions":str);
    X_9:bat[:str] := sql.bind(X_5:int, "sys":str, "functions":str, "name":str, 0:int);
    (X_14:bat[:oid], X_15:bat[:str]) := sql.bind(X_5:int, "sys":str, "functions":str, "name":str, 2:int);
    X_12:bat[:str] := sql.bind(X_5:int, "sys":str, "functions":str, "name":str, 1:int);
    X_18:bat[:str] := sql.projectdelta(C_6:bat[:oid], X_9:bat[:str], X_14:bat[:oid], X_15:bat[:str], X_12:bat[:str]);
    X_100:bat[:bit] := batalgebra.not_like(X_18:bat[:str], "%optimizers%":str);
    C_32:bat[:oid] := algebra.thetaselect(X_100:bat[:bit], true:bit, "==":str);
    X_19:bat[:str] := sql.bind(X_5:int, "sys":str, "functions":str, "func":str, 0:int);
    (X_22:bat[:oid], X_23:bat[:str]) := sql.bind(X_5:int, "sys":str, "functions":str, "func":str, 2:int);
    X_21:bat[:str] := sql.bind(X_5:int, "sys":str, "functions":str, "func":str, 1:int);
    X_25:bat[:str] := sql.projectdelta(C_6:bat[:oid], X_19:bat[:str], X_22:bat[:oid], X_23:bat[:str], X_21:bat[:str]);
    X_35:bat[:str] := algebra.projection(C_32:bat[:oid], X_25:bat[:str]);
    X_34:bat[:str] := algebra.projection(C_32:bat[:oid], X_18:bat[:str]);
    X_44:bat[:str] := bat.append(X_37:bat[:str], "sys.functions":str);
    X_46:bat[:str] := bat.append(X_39:bat[:str], "name":str);
    X_48:bat[:str] := bat.append(X_40:bat[:str], "varchar":str);
    X_50:bat[:int] := bat.append(X_41:bat[:int], 256:int);
    X_52:bat[:int] := bat.append(X_43:bat[:int], 0:int);
    X_54:bat[:str] := bat.append(X_44:bat[:str], "sys.functions":str);
    X_55:bat[:str] := bat.append(X_46:bat[:str], "func":str);
    X_57:bat[:str] := bat.append(X_48:bat[:str], "varchar":str);
    X_58:bat[:int] := bat.append(X_50:bat[:int], 8196:int);
    X_60:bat[:int] := bat.append(X_52:bat[:int], 0:int);
    sql.resultSet(X_54:bat[:str], X_55:bat[:str], X_57:bat[:str], X_58:bat[:int], X_60:bat[:int], X_34:bat[:str], X_35:bat[:str]);
end user.s22_1;
#inline               actions= 0 time=7 usec 
#remap                actions= 1 time=92 usec 
#costmodel            actions= 1 time=2 usec 
#coercion             actions= 5 time=18 usec 
#evaluate             actions= 4 time=33 usec 
#emptybind            actions= 0 time=16 usec 
#pushselect           actions= 2 time=34 usec 
#aliases              actions= 6 time=16 usec 
#mergetable           actions= 0 time=51 usec 
#deadcode             actions= 3 time=12 usec 
#aliases              actions= 0 time=9 usec 
#constants            actions= 5 time=23 usec 
#commonTerms          actions= 0 time=8 usec 
#projectionpath       actions= 0 time=5 usec 
#reorder              actions= 1 time=43 usec 
#deadcode             actions= 0 time=10 usec 
#reduce               actions=72 time=22 usec 
#matpack              actions= 0 time=4 usec 
#multiplex            actions= 0 time=4 usec 
#profiler             actions= 1 time=6 usec 
#candidates           actions= 1 time=2 usec 
#garbagecollector     actions= 1 time=27 usec 
#total                actions= 1 time=600 usec 
#explain select name,func from functions where icontains(name, 'optimizers');
% .explain # table_name
% mal # name
% clob # type
% 151 # length
function user.s24_1():void;
    X_2:void := querylog.define("explain select name,func from functions where icontains(name, \\'optimizers\\');":str, "sequential_pipe":str, 37:int);
    X_37:bat[:str] := bat.new(nil:str);
    X_43:bat[:int] := bat.new(nil:int);
    X_41:bat[:int] := bat.new(nil:int);
    X_40:bat[:str] := bat.new(nil:str);
    X_39:bat[:str] := bat.new(nil:str);
    X_5:int := sql.mvc();
    C_6:bat[:oid] := sql.tid(X_5:int, "sys":str, "functions":str);
    X_9:bat[:str] := sql.bind(X_5:int, "sys":str, "functions":str, "name":str, 0:int);
    (X_14:bat[:oid], X_15:bat[:str]) := sql.bind(X_5:int, "sys":str, "functions":str, "name":str, 2:int);
    X_12:bat[:str] := sql.bind(X_5:int, "sys":str, "functions":str, "name":str, 1:int);
    X_18:bat[:str] := sql.projectdelta(C_6:bat[:oid], X_9:bat[:str], X_14:bat[:oid], X_15:bat[:str], X_12:bat[:str]);
    X_100:bat[:bit] := batalgebra.ilike(X_18:bat[:str], "%optimizers%":str);
    C_32:bat[:oid] := algebra.thetaselect(X_100:bat[:bit], true:bit, "==":str);
    X_19:bat[:str] := sql.bind(X_5:int, "sys":str, "functions":str, "func":str, 0:int);
    (X_22:bat[:oid], X_23:bat[:str]) := sql.bind(X_5:int, "sys":str, "functions":str, "func":str, 2:int);
    X_21:bat[:str] := sql.bind(X_5:int, "sys":str, "functions":str, "func":str, 1:int);
    X_25:bat[:str] := sql.projectdelta(C_6:bat[:oid], X_19:bat[:str], X_22:bat[:oid], X_23:bat[:str], X_21:bat[:str]);
    X_35:bat[:str] := algebra.projection(C_32:bat[:oid], X_25:bat[:str]);
    X_34:bat[:str] := algebra.projection(C_32:bat[:oid], X_18:bat[:str]);
    X_44:bat[:str] := bat.append(X_37:bat[:str], "sys.functions":str);
    X_46:bat[:str] := bat.append(X_39:bat[:str], "name":str);
    X_48:bat[:str] := bat.append(X_40:bat[:str], "varchar":str);
    X_50:bat[:int] := bat.append(X_41:bat[:int], 256:int);
    X_52:bat[:int] := bat.append(X_43:bat[:int], 0:int);
    X_54:bat[:str] := bat.append(X_44:bat[:str], "sys.functions":str);
    X_55:bat[:str] := bat.append(X_46:bat[:str], "func":str);
    X_57:bat[:str] := bat.append(X_48:bat[:str], "varchar":str);
    X_58:bat[:int] := bat.append(X_50:bat[:int], 8196:int);
    X_60:bat[:int] := bat.append(X_52:bat[:int], 0:int);
    sql.resultSet(X_54:bat[:str], X_55:bat[:str], X_57:bat[:str], X_58:bat[:int], X_60:bat[:int], X_34:bat[:str], X_35:bat[:str]);
end user.s24_1;
#inline               actions= 0 time=7 usec 
#remap                actions= 1 time=91 usec 
#costmodel            actions= 1 time=2 usec 
#coercion             actions= 5 time=18 usec 
#evaluate             actions= 4 time=33 usec 
#emptybind            actions= 0 time=16 usec 
#pushselect           actions= 2 time=33 usec 
#aliases              actions= 6 time=16 usec 
#mergetable           actions= 0 time=50 usec 
#deadcode             actions= 3 time=11 usec 
#aliases              actions= 0 time=9 usec 
#constants            actions= 5 time=22 usec 
#commonTerms          actions= 0 time=7 usec 
#projectionpath       actions= 0 time=6 usec 
#reorder              actions= 1 time=49 usec 
#deadcode             actions= 0 time=9 usec 
#reduce               actions=72 time=22 usec 
#matpack              actions= 0 time=4 usec 
#multiplex            actions= 0 time=3 usec 
#profiler             actions= 1 time=5 usec 
#candidates           actions= 1 time=2 usec 
#garbagecollector     actions= 1 time=26 usec 
#total                actions= 1 time=587 usec 
#explain select name,func from functions where not_icontains(name, 'optimizers');
% .explain # table_name
% mal # name
% clob # type
% 155 # length
function user.s26_1():void;
    X_2:void := querylog.define("explain select name,func from functions where not_icontains(name, \\'optimizers\\');":str, "sequential_pipe":str, 37:int);
    X_37:bat[:str] := bat.new(nil:str);
    X_43:bat[:int] := bat.new(nil:int);
    X_41:bat[:int] := bat.new(nil:int);
    X_40:bat[:str] := bat.new(nil:str);
    X_39:bat[:str] := bat.new(nil:str);
    X_5:int := sql.mvc();
    C_6:bat[:oid] := sql.tid(X_5:int, "sys":str, "functions":str);
    X_9:bat[:str] := sql.bind(X_5:int, "sys":str, "functions":str, "name":str, 0:int);
    (X_14:bat[:oid], X_15:bat[:str]) := sql.bind(X_5:int, "sys":str, "functions":str, "name":str, 2:int);
    X_12:bat[:str] := sql.bind(X_5:int, "sys":str, "functions":str, "name":str, 1:int);
    X_18:bat[:str] := sql.projectdelta(C_6:bat[:oid], X_9:bat[:str], X_14:bat[:oid], X_15:bat[:str], X_12:bat[:str]);
    X_100:bat[:bit] := batalgebra.not_ilike(X_18:bat[:str], "%optimizers%":str);
    C_32:bat[:oid] := algebra.thetaselect(X_100:bat[:bit], true:bit, "==":str);
    X_19:bat[:str] := sql.bind(X_5:int, "sys":str, "functions":str, "func":str, 0:int);
    (X_22:bat[:oid], X_23:bat[:str]) := sql.bind(X_5:int, "sys":str, "functions":str, "func":str, 2:int);
    X_21:bat[:str] := sql.bind(X_5:int, "sys":str, "functions":str, "func":str, 1:int);
    X_25:bat[:str] := sql.projectdelta(C_6:bat[:oid], X_19:bat[:str], X_22:bat[:oid], X_23:bat[:str], X_21:bat[:str]);
    X_35:bat[:str] := algebra.projection(C_32:bat[:oid], X_25:bat[:str]);
    X_34:bat[:str] := algebra.projection(C_32:bat[:oid], X_18:bat[:str]);
    X_44:bat[:str] := bat.append(X_37:bat[:str], "sys.functions":str);
    X_46:bat[:str] := bat.append(X_39:bat[:str], "name":str);
    X_48:bat[:str] := bat.append(X_40:bat[:str], "varchar":str);
    X_50:bat[:int] := bat.append(X_41:bat[:int], 256:int);
    X_52:bat[:int] := bat.append(X_43:bat[:int], 0:int);
    X_54:bat[:str] := bat.append(X_44:bat[:str], "sys.functions":str);
    X_55:bat[:str] := bat.append(X_46:bat[:str], "func":str);
    X_57:bat[:str] := bat.append(X_48:bat[:str], "varchar":str);
    X_58:bat[:int] := bat.append(X_50:bat[:int], 8196:int);
    X_60:bat[:int] := bat.append(X_52:bat[:int], 0:int);
    sql.resultSet(X_54:bat[:str], X_55:bat[:str], X_57:bat[:str], X_58:bat[:int], X_60:bat[:int], X_34:bat[:str], X_35:bat[:str]);
end user.s26_1;
#inline               actions= 0 time=7 usec 
#remap                actions= 1 time=117 usec 
#costmodel            actions= 1 time=3 usec 
#coercion             actions= 5 time=19 usec 
#evaluate             actions= 4 time=35 usec 
#emptybind            actions= 0 time=17 usec 
#pushselect           actions= 2 time=34 usec 
#aliases              actions= 6 time=17 usec 
#mergetable           actions= 0 time=54 usec 
#deadcode             actions= 3 time=12 usec 
#aliases              actions= 0 time=10 usec 
#constants            actions= 5 time=23 usec 
#commonTerms          actions= 0 time=9 usec 
#projectionpath       actions= 0 time=5 usec 
#reorder              actions= 1 time=44 usec 
#deadcode             actions= 0 time=9 usec 
#reduce               actions=72 time=22 usec 
#matpack              actions= 0 time=11 usec 
#multiplex            actions= 0 time=4 usec 
#profiler             actions= 1 time=5 usec 
#candidates           actions= 1 time=2 usec 
#garbagecollector     actions= 1 time=27 usec 
#total                actions= 1 time=639 usec 
#rollback;

# 13:28:51 >  
# 13:28:51 >  "Done."
# 13:28:51 >  

