stdout of test 'q8_v_small` in directory 'sql/test/rdf` itself:


# 10:46:25 >  
# 10:46:25 >  "mserver5" "--debug=10" "--set" "gdk_nr_threads=0" "--set" "mapi_open=true" "--set" "mapi_port=36263" "--set" "mapi_usock=/var/tmp/mtest-3472/.s.monetdb.36263" "--set" "monet_prompt=" "--forcemito" "--dbpath=/ufs/sjoerd/@Monet-stable/var/MonetDB/mTests_sql_test_rdf"
# 10:46:25 >  

# MonetDB 5 server v11.27.12 (hg id: 9a05add39d7b)
# This is an unreleased version
# Serving database 'mTests_sql_test_rdf', using 8 threads
# Compiled for x86_64-pc-linux-gnu/64bit with 128bit integers
# Found 62.695 GiB available main-memory.
# Copyright (c) 1993 - July 2008 CWI.
# Copyright (c) August 2008 - 2018 MonetDB B.V., all rights reserved
# Visit https://www.monetdb.org/ for further information
# Listening for connection requests on mapi:monetdb://methuselah.da.cwi.nl:36263/
# Listening for UNIX domain connection requests on mapi:monetdb:///var/tmp/mtest-3472/.s.monetdb.36263
# MonetDB/GIS module loaded
# MonetDB/SQL module loaded

Ready.

# 10:46:25 >  
# 10:46:25 >  "mclient" "-lsql" "-ftest" "-Eutf-8" "-i" "-e" "--host=/var/tmp/mtest-3472" "--port=36263"
# 10:46:25 >  

#with A as (
#		(select subj, obj FROM prop14657240_pso where subj = 12854543) 
#		 UNION ALL
#		(select subj, obj FROM prop14660343_pso where subj = 12854543) 
#		 UNION ALL
#		(select subj, obj FROM prop17582582_pso where subj = 12854543) 
#		 UNION ALL
#		(select subj, obj FROM prop14657202_pso where subj = 12854543) 
#		 UNION ALL
#		(select subj, obj FROM prop14657244_pso where subj = 12854543) 
#		 UNION ALL
#		(select subj, obj FROM prop14657245_pso where subj = 12854543) 
#		 UNION ALL
#		(select subj, obj FROM prop14660087_pso where subj = 12854543) 
% .trip # table_name
% subj # name
% int # type
% 1 # length

# 10:46:27 >  
# 10:46:27 >  "Done."
# 10:46:27 >  

